./interface.c
./sockv6.c
./conf.c
./ipc.c
./ping.c
./make_dhcp.c
./md5.c
./ipp.c
./progA.c
./disk.c
./if.c
./radius.c
./make_rrq.c
./peer.c
./progB.c
./timer.c
./mmc.c
./ntp.c
./encode.c
./sock.c
./proc.c
./mem.c
./log.c
./bufq.c
./shell.c
./premmc.c
./imsi.c
./ioctl_func.c
./ip.c
./time.c
./mac_parse.c
./dhcp.c
./dump.c
./make_radius.c
./test/test_mem.c
./test/test_account.c
./test/test_timer.c
./test/test_mmc.c
./test/test_csum.c
./test/test_disk.c
./test/test_interface.c
./test/test_v6_tcpsvr.c
./test/test_cbtimer.c
./test/test_msgq.c
./test/progA.c
./test/test_cbtimer_block.c
./test/test_cpu.c
./test/test_conf.c
./test/test_sleep.c
./test/progB.c
./test/test_dhcp.c
./test/test_time.c
./test/test_peer.c
./test/test_log.c
./test/test_dns.c
./test/test_access.c
./test/mmc.c
./test/test_mac_parse.c
./test/test_v6_tcpclnt.c
./test/test_make_rrq.c
./test/test_ping.c
./test/test_base64.c
./test/test_bcd.c
./test/test_msleep.c
./test/test_icmp.c
./test/test_shell.c
./test/test_if.c
./test/premmc.c
./test/test_tcpcli.c
./test/test_make_account.c
./test/test_udp.c
./test/test_shm.c
./test/test_imsi.c
./test/test_ippool.c
./test/test_bg.c
./test/test_make_dhcp.c
./test/test_tcpsvr.c
./test/test_ip.c
./test/test_ntp.c
./test/test_dump.c
./test/test_make_access.c
./hmac_md5.c
./cpu.c
./dns.c
./ioctl_func.h
./peer.h
./sock.h
./make_radius.h
./radius.h
./timer.h
./md5.h
./cpu.h
./fsm.h
./make_rrq.h
./log.h
./dns.h
./shell.h
./ntp.h
./__time.h
./mib2.h
./mmc.h
./_stdarg.h
./ipp.h
./proc.h
./__ipc.h
./list.h
./disk.h
./shm_list.h
./conf.h
./bufq.h
./make_dhcp.h
./dhcp.h
./__if.h
